{
  "status": "BOUNDED INTEGRATION CHECK COMPLETE",
  "input": {
    "path": "assets/models/whole-character-v35/attempt-form01/murderbird-whole-character-v35.glb",
    "sha256": "a9b6bd6d5cd3dcdfa52d42d4a33f8a4f09b3fa31f333c2cf814ba94de0788cd9",
    "bytes": 13569224,
    "smoke": false,
    "eligibilityOnly": false
  },
  "summary": {
    "scenarioScope": "Full integrated control/motion/inspection/reset samples",
    "sampleCount": 66,
    "failures": 0,
    "fitRisks": 0,
    "physicalProceduralTailCreated": true,
    "activeLayoutStatus": "authored-model-points"
  },
  "failures": [],
  "fitRiskKinds": [],
  "output": "assets/audit/whole-character-v35/attempt-form01/era-integration"
}
