{
  "status": "BOUNDED INTEGRATION CHECK COMPLETE",
  "input": {
    "path": "assets/models/whole-character-v33/attempt-form05/murderbird-whole-character-v33.glb",
    "sha256": "ea0b0bae9f2ab7951b943b8f2e39c01176b361da2d45ea23ea6e6283c8ed34f7",
    "bytes": 13172056,
    "smoke": false,
    "eligibilityOnly": false
  },
  "summary": {
    "scenarioScope": "Full integrated control/motion/inspection/reset samples",
    "sampleCount": 66,
    "failures": 0,
    "fitRisks": 0,
    "physicalProceduralTailCreated": true,
    "activeLayoutStatus": "authored-model-points"
  },
  "failures": [],
  "fitRiskKinds": [],
  "output": "assets/audit/whole-character-v33/attempt-form05/era-integration"
}
