
> murderbird-uncaged@0.0.1 build
> vite build && python3 scripts/prepare-review-release.py && node scripts/write-release-manifest.mjs

vite v8.3.1 building client environment for production...
transforming...
✓ 51 modules transformed.
rendering chunks...
computing gzip size...
dist/folio.html                                                               5.13 kB │ gzip:   1.52 kB
dist/index.html                                                               5.26 kB │ gzip:   1.57 kB
dist/assets/murderbird-unified-master-03-2026-09-06-480-CBJ6riOq.webp        19.80 kB
dist/assets/murderbird-unified-sentinel-2026-09-06-960-Bi_gnu2P.webp         71.10 kB
dist/assets/murderbird-unified-master-03-2026-09-06-960-CqrPTctI.webp        75.22 kB
dist/assets/murderbird-unified-heart-2026-09-06-960-B3vqylOK.webp            88.48 kB
dist/assets/murderbird-unified-water-2026-09-06-960-CzjiWNbp.webp            92.50 kB
dist/assets/murderbird-unified-mechanic-2026-09-06-960--Y55KQCe.webp        120.20 kB
dist/assets/murderbird-unified-maker-clean-2026-09-06-960-Co2FWRSr.webp     134.72 kB
dist/assets/murderbird-unified-master-03-2026-09-06-1536-CGXJ8Mxo.webp      173.66 kB
dist/assets/murderbird-first-choice-poster-Cl463AT6.jpg                     185.40 kB
dist/assets/murderbird-first-choice-635f0e15-bcDFbUvI.mp4                   824.33 kB
dist/assets/maker-preview-D3CUchrF.png                                    1,238.05 kB
dist/assets/mechanic-preview-CerZcijK.png                                 1,238.05 kB
dist/assets/builder-preview-Y7hTPoTJ.png                                  1,238.16 kB
dist/assets/murderbird-iron-verdict-garageband-preview-192k-BR43oEYY.mp3  3,281.17 kB
dist/assets/murderbird-alignment-v9-_aFpjtq5.glb                          4,636.46 kB
dist/assets/murderbird-iron-verdict-BGFu2yYL.mp3                          5,196.40 kB
dist/assets/preload-helper-DfcCBwzn.css                                       0.48 kB │ gzip:   0.25 kB
dist/assets/theme-player-zhm2vyuR.css                                         2.00 kB │ gzip:   0.80 kB
dist/assets/exhibit--2pgHWUH.css                                             10.35 kB │ gzip:   3.32 kB
dist/assets/folio-CBSNofLE.css                                               18.38 kB │ gzip:   5.21 kB
dist/assets/preload-helper-dcjnQqvZ.js                                        3.70 kB │ gzip:   1.71 kB
dist/assets/theme-player-BCS7VKd6.js                                          4.19 kB │ gzip:   1.86 kB
dist/assets/exhibit-DA-8gRRP.js                                              12.53 kB │ gzip:   5.29 kB
dist/assets/folio-CYuDa5qr.js                                                31.63 kB │ gzip:  11.23 kB
dist/assets/exhibit-ZC55Cogd.js                                             168.77 kB │ gzip:  53.64 kB
dist/assets/three.module-raVit7TO.js                                        619.45 kB │ gzip: 155.70 kB

✓ built in 295ms
[plugin builtin:vite-reporter] 
(!) Some chunks are larger than 500 kB after minification. Consider:
- Using dynamic import() to code-split the application
- Use build.rolldownOptions.output.codeSplitting to improve chunking: https://rolldown.rs/reference/OutputOptions.codeSplitting
- Adjust chunk size limit for this warning via build.chunkSizeWarningLimit.
{
  "status": "PASS",
  "buildRevision": "36e8af79009f9d48573198f6c7c750d493e1cd52",
  "modelSha256": "3ec668b0b9bbaf1cb546ec2e04b09030c5f45b0f0893adc5b7fe5aa57baacdc5",
  "gallerySha256": "4881e779b6f43519ad1449196d490144317f1ccda1655fa18edcea1181285024",
  "mediaFiles": 82,
  "imageElements": 83,
  "outputFiles": 83,
  "mediaBytes": 49808261,
  "checks": [
    "pinned input hashes and media signatures",
    "exact media allowlist",
    "immutable repository links",
    "local links and anchors",
    "assessment and pending-acceptance labels",
    "no loopback references or LFS pointers"
  ]
}
Release manifest: 36e8af79009f9d48573198f6c7c750d493e1cd52, 133 files (local modified tree).
