{
  "status": "BOUNDED INTEGRATION CHECK COMPLETE",
  "input": {
    "path": "assets/models/whole-character-v36/attempt-form01/murderbird-whole-character-v36.glb",
    "sha256": "565396fa9c43fb258821a8b18151b03032dd61ecfc004c59e39f5dffc3046263",
    "bytes": 13928164,
    "smoke": false,
    "eligibilityOnly": false
  },
  "summary": {
    "scenarioScope": "Full integrated control/motion/inspection/reset samples",
    "sampleCount": 66,
    "failures": 0,
    "fitRisks": 0,
    "physicalProceduralTailCreated": true,
    "activeLayoutStatus": "authored-model-points"
  },
  "failures": [],
  "fitRiskKinds": [],
  "output": "assets/audit/whole-character-v36/attempt-form01/era-integration"
}
