{
  "status": "BOUNDED INTEGRATION CHECK COMPLETE",
  "input": {
    "path": "assets/models/whole-character-v33/attempt-form06/murderbird-whole-character-v33.glb",
    "sha256": "7430fd397ad44e066e4f9197b023ba2f0f239451e12cb256ba34de8d9d4148ad",
    "bytes": 12732280,
    "smoke": false,
    "eligibilityOnly": false
  },
  "summary": {
    "scenarioScope": "Full integrated control/motion/inspection/reset samples",
    "sampleCount": 66,
    "failures": 0,
    "fitRisks": 0,
    "physicalProceduralTailCreated": true,
    "activeLayoutStatus": "authored-model-points"
  },
  "failures": [],
  "fitRiskKinds": [],
  "output": "assets/audit/whole-character-v33/attempt-form06/era-integration"
}
