{
  "status": "BOUNDED INTEGRATION CHECK COMPLETE",
  "input": {
    "path": "assets/models/whole-character-v32/attempt-form01/murderbird-whole-character-v32.glb",
    "sha256": "d871520ae8f49a2d315c20c8442b24791718c0e2e654e1d4a256b11808996ba5",
    "bytes": 10949184,
    "smoke": false,
    "eligibilityOnly": false
  },
  "summary": {
    "scenarioScope": "Full integrated control/motion/inspection/reset samples",
    "sampleCount": 66,
    "failures": 0,
    "fitRisks": 0,
    "physicalProceduralTailCreated": true,
    "activeLayoutStatus": "authored-model-points"
  },
  "failures": [],
  "fitRiskKinds": [],
  "output": "assets/audit/whole-character-v32/attempt-form01/era-integration"
}
