{
  "status": "PASS bounded actual-GLB attachment roundtrip; no armor clearance or appearance acceptance",
  "nativeSHA256": "9b0072375fee116864954e882f5ed8ec023cf8d400783fb96947ce4c57bf151f",
  "glbSHA256": "565396fa9c43fb258821a8b18151b03032dd61ecfc004c59e39f5dffc3046263",
  "glbBytes": 13928164,
  "sourceSHA256": "351246adfc0299d1774ce7d8ce9e22dba14812e98db0c80e76d784d0e36e2689",
  "runtimeSourceSHA256": "97e1096c3b16c0ce774916471c40a35dc1364d88e74bf3077b07b130a7aaeff9",
  "counts": {
    "loadedMeshes": 685,
    "loadedVertices": 481532,
    "nativeWorldMatricesCompared": 739
  },
  "maximumWorldMatrixDelta": 2.9802322387695312e-8,
  "checks": {
    "actualGLTFLoader": true,
    "allLoadedVertexAttributesFinite": true,
    "worldRestsMatchNativeWithin1eMinus6": true,
    "allChainPositionsFixed": true,
    "unitRigidJointBases": true,
    "pitchSumCorrect": true,
    "poseRestoreExact": true,
    "originalFilesUnmodified": true
  },
  "cervicalLayoutV2": {
    "schema": 1,
    "pitchJoints": [
      "neck",
      "cervical-mid-a",
      "cervical-mid-b",
      "cervical-upper"
    ],
    "weights": [
      0.25,
      0.25,
      0.25,
      0.25
    ],
    "rootYaw": "neck",
    "headOwner": "head",
    "status": "proposed rigid serial articulation"
  },
  "samples": [
    {
      "label": "maker",
      "totalPitch": -0.14,
      "rootYaw": -0.45,
      "headPitch": 0,
      "headYaw": 0,
      "pitchSum": -0.14,
      "maximumPositionError": 0,
      "maximumUnitBasisError": 1.1102230246251565e-16,
      "maximumOrthogonalityError": 1.3877787807814457e-17,
      "joints": [
        {
          "name": "neck",
          "weight": 0.25,
          "pitch": -0.03500000000000002,
          "translationError": 0
        },
        {
          "name": "cervical-mid-a",
          "weight": 0.25,
          "pitch": -0.035,
          "translationError": 0
        },
        {
          "name": "cervical-mid-b",
          "weight": 0.25,
          "pitch": -0.035,
          "translationError": 0
        },
        {
          "name": "cervical-upper",
          "weight": 0.25,
          "pitch": -0.035,
          "translationError": 0
        }
      ]
    },
    {
      "label": "attention",
      "totalPitch": 0.08,
      "rootYaw": 0.288,
      "headPitch": -0.05,
      "headYaw": 0.312,
      "pitchSum": 0.08000000000000002,
      "maximumPositionError": 0,
      "maximumUnitBasisError": 2.220446049250313e-16,
      "maximumOrthogonalityError": 1.3877787807814457e-17,
      "joints": [
        {
          "name": "neck",
          "weight": 0.25,
          "pitch": 0.020000000000000004,
          "translationError": 0
        },
        {
          "name": "cervical-mid-a",
          "weight": 0.25,
          "pitch": 0.020000000000000004,
          "translationError": 0
        },
        {
          "name": "cervical-mid-b",
          "weight": 0.25,
          "pitch": 0.020000000000000004,
          "translationError": 0
        },
        {
          "name": "cervical-upper",
          "weight": 0.25,
          "pitch": 0.020000000000000004,
          "translationError": 0
        }
      ]
    },
    {
      "label": "contact",
      "totalPitch": 0.65,
      "rootYaw": 0,
      "headPitch": -0.731,
      "headYaw": 0,
      "pitchSum": 0.65,
      "maximumPositionError": 0,
      "maximumUnitBasisError": 2.220446049250313e-16,
      "maximumOrthogonalityError": 0,
      "joints": [
        {
          "name": "neck",
          "weight": 0.25,
          "pitch": 0.1625,
          "translationError": 0
        },
        {
          "name": "cervical-mid-a",
          "weight": 0.25,
          "pitch": 0.1625,
          "translationError": 0
        },
        {
          "name": "cervical-mid-b",
          "weight": 0.25,
          "pitch": 0.1625,
          "translationError": 0
        },
        {
          "name": "cervical-upper",
          "weight": 0.25,
          "pitch": 0.1625,
          "translationError": 0
        }
      ]
    }
  ],
  "contactAdjustments": [
    {
      "name": "bill-contact",
      "oldWorld": [
        0,
        -0.8028910756111145,
        1.6243765354156494
      ],
      "newWorld": [
        0,
        -0.8055910468101501,
        1.6298691034317017
      ],
      "surfaceObject": "V32 returned upper bill course 1"
    },
    {
      "name": "anchor-beak",
      "oldWorld": [
        0,
        -0.8028910756111145,
        1.6243765354156494
      ],
      "newWorld": [
        0,
        -0.8055910468101501,
        1.6298691034317017
      ],
      "surfaceObject": "V32 returned upper bill course 1"
    }
  ],
  "limits": [
    "Texture bindings stripped only from the in-memory loader input by existing loadRigidValidation helper; original GLB is unchanged.",
    "Maker/attention/contact angle samples validate transforms, not armor clearance, era mechanism fit, WebGL appearance or owner acceptance.",
    "Attention sample is a bounded simultaneous yaw/pitch contract sample, not a claim that every dynamic attention state was played."
  ]
}
