{
  "status": "BOUNDED INTEGRATION CHECK COMPLETE",
  "input": {
    "path": "assets/models/whole-character-v34/attempt-form01/murderbird-whole-character-v34.glb",
    "sha256": "32a53dd3c26209fda81a2a6cfbc6a16080910bdf1ec73ed6b6000fec1251c41d",
    "bytes": 13169324,
    "smoke": false,
    "eligibilityOnly": false
  },
  "summary": {
    "scenarioScope": "Full integrated control/motion/inspection/reset samples",
    "sampleCount": 66,
    "failures": 0,
    "fitRisks": 0,
    "physicalProceduralTailCreated": true,
    "activeLayoutStatus": "authored-model-points"
  },
  "failures": [],
  "fitRiskKinds": [],
  "output": "assets/audit/whole-character-v34/attempt-form01/era-integration"
}
