{
  "status": "PASS bounded actual-GLB attachment roundtrip; no armor clearance or appearance acceptance",
  "nativeSHA256": "acb91013e0ca7cf98475e0d2ba6fb36d9c081c29c91b27e104bf7367d57f306d",
  "glbSHA256": "940bccff25acbe37747ee8c462a59e8a63d4338482715e63740f27953aebc81b",
  "glbBytes": 10955292,
  "sourceSHA256": "41633b8594e5dd4abca4002289339a0f074eaa6d29adf290549a39b4e9b3a6eb",
  "runtimeSourceSHA256": "97e1096c3b16c0ce774916471c40a35dc1364d88e74bf3077b07b130a7aaeff9",
  "counts": {
    "loadedMeshes": 627,
    "loadedVertices": 384398,
    "nativeWorldMatricesCompared": 681
  },
  "maximumWorldMatrixDelta": 3.166496753692627e-8,
  "checks": {
    "actualGLTFLoader": true,
    "allLoadedVertexAttributesFinite": true,
    "worldRestsMatchNativeWithin1eMinus6": true,
    "allChainPositionsFixed": true,
    "unitRigidJointBases": true,
    "pitchSumCorrect": true,
    "poseRestoreExact": true,
    "originalFilesUnmodified": true
  },
  "cervicalLayoutV2": {
    "schema": 1,
    "pitchJoints": [
      "neck",
      "cervical-mid-a",
      "cervical-mid-b",
      "cervical-upper"
    ],
    "weights": [
      0.25,
      0.25,
      0.25,
      0.25
    ],
    "rootYaw": "neck",
    "headOwner": "head",
    "status": "proposed rigid serial articulation"
  },
  "samples": [
    {
      "label": "maker",
      "totalPitch": -0.14,
      "rootYaw": -0.45,
      "headPitch": 0,
      "headYaw": 0,
      "pitchSum": -0.14,
      "maximumPositionError": 0,
      "maximumUnitBasisError": 1.1102230246251565e-16,
      "maximumOrthogonalityError": 1.3877787807814457e-17,
      "joints": [
        {
          "name": "neck",
          "weight": 0.25,
          "pitch": -0.03500000000000002,
          "translationError": 0
        },
        {
          "name": "cervical-mid-a",
          "weight": 0.25,
          "pitch": -0.035,
          "translationError": 0
        },
        {
          "name": "cervical-mid-b",
          "weight": 0.25,
          "pitch": -0.035,
          "translationError": 0
        },
        {
          "name": "cervical-upper",
          "weight": 0.25,
          "pitch": -0.035,
          "translationError": 0
        }
      ]
    },
    {
      "label": "attention",
      "totalPitch": 0.08,
      "rootYaw": 0.288,
      "headPitch": -0.05,
      "headYaw": 0.312,
      "pitchSum": 0.08000000000000002,
      "maximumPositionError": 0,
      "maximumUnitBasisError": 2.220446049250313e-16,
      "maximumOrthogonalityError": 1.3877787807814457e-17,
      "joints": [
        {
          "name": "neck",
          "weight": 0.25,
          "pitch": 0.020000000000000004,
          "translationError": 0
        },
        {
          "name": "cervical-mid-a",
          "weight": 0.25,
          "pitch": 0.020000000000000004,
          "translationError": 0
        },
        {
          "name": "cervical-mid-b",
          "weight": 0.25,
          "pitch": 0.020000000000000004,
          "translationError": 0
        },
        {
          "name": "cervical-upper",
          "weight": 0.25,
          "pitch": 0.020000000000000004,
          "translationError": 0
        }
      ]
    },
    {
      "label": "contact",
      "totalPitch": 0.65,
      "rootYaw": 0,
      "headPitch": -0.731,
      "headYaw": 0,
      "pitchSum": 0.65,
      "maximumPositionError": 0,
      "maximumUnitBasisError": 2.220446049250313e-16,
      "maximumOrthogonalityError": 0,
      "joints": [
        {
          "name": "neck",
          "weight": 0.25,
          "pitch": 0.1625,
          "translationError": 0
        },
        {
          "name": "cervical-mid-a",
          "weight": 0.25,
          "pitch": 0.1625,
          "translationError": 0
        },
        {
          "name": "cervical-mid-b",
          "weight": 0.25,
          "pitch": 0.1625,
          "translationError": 0
        },
        {
          "name": "cervical-upper",
          "weight": 0.25,
          "pitch": 0.1625,
          "translationError": 0
        }
      ]
    }
  ],
  "contactAdjustments": [
    {
      "name": "bill-contact",
      "oldWorld": [
        0,
        -0.7164018154144287,
        1.592682123184204
      ],
      "newWorld": [
        0,
        -0.6558699011802673,
        1.5922274589538574
      ],
      "surfaceObject": "Profiled upper bill blade 1"
    },
    {
      "name": "anchor-beak",
      "oldWorld": [
        0,
        -0.7164018154144287,
        1.592682123184204
      ],
      "newWorld": [
        0,
        -0.6558699011802673,
        1.5922274589538574
      ],
      "surfaceObject": "Profiled upper bill blade 1"
    }
  ],
  "limits": [
    "Texture bindings stripped only from the in-memory loader input by existing loadRigidValidation helper; original GLB is unchanged.",
    "Maker/attention/contact angle samples validate transforms, not armor clearance, era mechanism fit, WebGL appearance or owner acceptance.",
    "Attention sample is a bounded simultaneous yaw/pitch contract sample, not a claim that every dynamic attention state was played."
  ]
}
