00:00.274  blend            | Read blend: "/tmp/v27-neck-guide/correction02-smooth/murderbird-v27-neck-guide.blend"
SCREEN 0 {'moved-guard-original': 0, 'inherited-other-guard': 46, 'hardware-hardware': 16, 'hardware-original': 3}
SCREEN 10 {'moved-guard-original': 0, 'inherited-other-guard': 41, 'hardware-hardware': 15, 'hardware-original': 3}
SCREEN 20 {'moved-guard-original': 0, 'inherited-other-guard': 38, 'hardware-hardware': 15, 'hardware-original': 3}
SCREEN 30 {'moved-guard-original': 0, 'inherited-other-guard': 42, 'hardware-hardware': 16, 'hardware-original': 3}
SCREEN 40 {'moved-guard-original': 2, 'inherited-other-guard': 42, 'hardware-hardware': 17, 'hardware-original': 3}
SCREEN 50 {'moved-guard-original': 2, 'inherited-other-guard': 46, 'hardware-hardware': 17, 'hardware-original': 3}
SCREEN 60 {'moved-guard-original': 0, 'inherited-other-guard': 41, 'hardware-hardware': 16, 'hardware-original': 3}
SCREEN 70 {'moved-guard-original': 0, 'inherited-other-guard': 40, 'hardware-hardware': 17, 'hardware-original': 12}
SCREEN 80 {'moved-guard-original': 0, 'inherited-other-guard': 47, 'hardware-hardware': 18, 'hardware-original': 12}
SCREEN 90 {'moved-guard-original': 1, 'inherited-other-guard': 39, 'hardware-hardware': 16, 'hardware-original': 14}
SCREEN 100 {'moved-guard-original': 3, 'inherited-other-guard': 38, 'hardware-hardware': 14, 'hardware-original': 16}
SCREEN 110 {'moved-guard-original': 3, 'inherited-other-guard': 37, 'hardware-hardware': 13, 'hardware-original': 20}
SCREEN 120 {'moved-guard-original': 4, 'inherited-other-guard': 38, 'hardware-hardware': 12, 'hardware-original': 23}
00:37.180  render           | Saved: '/tmp/v27-neck-guide/correction02-smooth/worst-intermediate-neck.png'
00:37.260  render           | Saved: '/tmp/v27-neck-guide/correction02-smooth/rest-hardware-isolated.png'
00:37.333  render           | Saved: '/tmp/v27-neck-guide/correction02-smooth/worst-hardware-isolated.png'
00:37.406  render           | Saved: '/tmp/v27-neck-guide/correction02-smooth/contact-hardware-isolated.png'
{"sourceSha256": "708d0f9798c2dd3fab49874873505b9a93a4277838e09ee0445ac8c4a6ac6414", "nativeSha256": "94faa8821a68be51c6143570715638b0e8ad6383681cf2d066b0a53699288d00", "sampledPoses": 130, "maxSlotCenterDeviationM": 1.8537198778900291e-06, "maxPushPullEndpointErrorM": 1.3348812510944096e-07, "pushPullLengthRangeM": [0.0414366754344568, 0.04143678623299622], "sevenPoseCategories": [{"pose": "rest", "categories": {"moved-guard-original": 0, "inherited-other-guard": 46, "hardware-hardware": 16, "hardware-original": 3}}, {"pose": "maker-neck-jaw", "categories": {"moved-guard-original": 0, "inherited-other-guard": 41, "hardware-hardware": 15, "hardware-original": 3}}, {"pose": "attention", "categories": {"moved-guard-original": 2, "inherited-other-guard": 42, "hardware-hardware": 17, "hardware-original": 3}}, {"pose": "contact-neck", "categories": {"moved-guard-original": 6, "inherited-other-guard": 37, "hardware-hardware": 10, "hardware-original": 21}}, {"pose": "thrust-neck", "categories": {"moved-guard-original": 0, "inherited-other-guard": 38, "hardware-hardware": 15, "hardware-original": 3}}, {"pose": "yaw-minus", "categories": {"moved-guard-original": 0, "inherited-other-guard": 42, "hardware-hardware": 16, "hardware-original": 3}}, {"pose": "yaw-plus", "categories": {"moved-guard-original": 0, "inherited-other-guard": 42, "hardware-hardware": 16, "hardware-original": 3}}], "denseMovedGuardMaxPairs": 6, "denseHardwareMaxPairs": 35}
Blender 5.2.1 LTS (hash 9e2066aef7ef built 2026-08-25 01:35:57)

Blender quit
